release/web/gyo6-site/apps/sugar-salt/assets/PersonalityTestScreen-Bov2H9Jq.js               18.96 kB │ gzip:     6.96 kB
release/web/gyo6-site/apps/sugar-salt/assets/StudentCampusHome-D8OpOqwl.js                   21.08 kB │ gzip:     7.25 kB
release/web/gyo6-site/apps/sugar-salt/assets/SaveExitDialog-DaOwBvbL.js                      22.09 kB │ gzip:     7.22 kB
release/web/gyo6-site/apps/sugar-salt/assets/campus-BONKDVPW.js                              22.70 kB │ gzip:     6.59 kB
release/web/gyo6-site/apps/sugar-salt/assets/guidedLearningPrograms-BaF6eWV4.js              23.75 kB │ gzip:     8.64 kB
release/web/gyo6-site/apps/sugar-salt/assets/MockAssessmentScreen-C7UepZNc.js                26.11 kB │ gzip:     7.79 kB
release/web/gyo6-site/apps/sugar-salt/assets/WrongAnswerScreen-BQPiFLZN.js                   26.29 kB │ gzip:     8.43 kB
release/web/gyo6-site/apps/sugar-salt/assets/purify.es-BCQjEKZz.js                           26.80 kB │ gzip:    10.66 kB
release/web/gyo6-site/apps/sugar-salt/assets/JobAdaptationScreen-CBq9hEpA.js                 26.87 kB │ gzip:     9.66 kB
release/web/gyo6-site/apps/sugar-salt/assets/firstClassLessons-DNMFyf-H.js                   28.17 kB │ gzip:     9.17 kB
release/web/gyo6-site/apps/sugar-salt/assets/MissionScreen-BkEY2vHV.js                       30.45 kB │ gzip:     9.60 kB
release/web/gyo6-site/apps/sugar-salt/assets/AccountDataScreen-Dznv3LDG.js                   32.64 kB │ gzip:     9.96 kB
release/web/gyo6-site/apps/sugar-salt/assets/CourseListScreen-B7WnwZf1.js                    32.68 kB │ gzip:    10.45 kB
release/web/gyo6-site/apps/sugar-salt/assets/CoverLetterReviewScreen-D1wGsRPL.js             39.08 kB │ gzip:    13.29 kB
release/web/gyo6-site/apps/sugar-salt/assets/TeacherShell-BfRMXM52.js                        41.62 kB │ gzip:    12.14 kB
release/web/gyo6-site/apps/sugar-salt/assets/AdminShell-BwfLnsIw.js                          56.84 kB │ gzip:    11.98 kB
release/web/gyo6-site/apps/sugar-salt/assets/InterviewStudyScreen-BnUFBO4p.js                57.24 kB │ gzip:    18.29 kB
release/web/gyo6-site/apps/sugar-salt/assets/learningCaseProvenance-CcmlOdYR.js              78.68 kB │ gzip:    25.77 kB
release/web/gyo6-site/apps/sugar-salt/assets/TeacherLearningPreview-MM6B-I3-.js              81.23 kB │ gzip:    26.60 kB
release/web/gyo6-site/apps/sugar-salt/assets/MissionCreateScreen-BBiMz39v.js                 81.82 kB │ gzip:    23.31 kB
release/web/gyo6-site/apps/sugar-salt/assets/interview-quiz-ws1jnD3y.js                      85.86 kB │ gzip:    22.08 kB
release/web/gyo6-site/apps/sugar-salt/assets/interviewCareerContent-CPFSKD5g.js              97.49 kB │ gzip:    31.84 kB
release/web/gyo6-site/apps/sugar-salt/assets/personalizedCareerExamples-Y_6nY8dp.js         104.94 kB │ gzip:    32.26 kB
release/web/gyo6-site/apps/sugar-salt/assets/SearchSuggestionInput-BYY6ggl_.js              105.57 kB │ gzip:    14.10 kB
release/web/gyo6-site/apps/sugar-salt/assets/StudySummary-CxbSSjDi.js                       110.90 kB │ gzip:    36.40 kB
release/web/gyo6-site/apps/sugar-salt/assets/BulkRegisterModal-CxYgajQv.js                  127.03 kB │ gzip:    31.92 kB
release/web/gyo6-site/apps/sugar-salt/assets/personality-test-bank-CU6ZUe9t.js              127.45 kB │ gzip:    19.66 kB
release/web/gyo6-site/apps/sugar-salt/assets/InterviewCareerLab-DlYmnJFH.js                 128.14 kB │ gzip:    34.80 kB
release/web/gyo6-site/apps/sugar-salt/assets/index.es-B7N0-e2B.js                           151.54 kB │ gzip:    48.93 kB
release/web/gyo6-site/apps/sugar-salt/assets/html2canvas-BfZ04V3R.js                        199.57 kB │ gzip:    46.79 kB
release/web/gyo6-site/apps/sugar-salt/assets/supabase-DcMeOh5u.js                           206.22 kB │ gzip:    53.46 kB
release/web/gyo6-site/apps/sugar-salt/assets/index-CMR-vnJC.js                              277.05 kB │ gzip:    84.58 kB
release/web/gyo6-site/apps/sugar-salt/assets/jspdf.es.min-PoSE2clN.js                       393.17 kB │ gzip:   126.65 kB
release/web/gyo6-site/apps/sugar-salt/assets/StudyScreen-DREyHVeN.js                        545.60 kB │ gzip:   158.06 kB
release/web/gyo6-site/apps/sugar-salt/assets/interview-study-B7VpBfo8.js                    579.11 kB │ gzip:   145.69 kB
release/web/gyo6-site/apps/sugar-salt/assets/studySummaries-BUxxhB6w.js                     869.85 kB │ gzip:   228.28 kB
release/web/gyo6-site/apps/sugar-salt/assets/mockData-_Lc7EzXO.js                         1,258.14 kB │ gzip:   281.90 kB
release/web/gyo6-site/apps/sugar-salt/assets/jobCommonAreas-CUKv-zCa.js                   5,094.06 kB │ gzip: 1,227.63 kB

[32m✓ built in 3.08s[39m
[33m[plugin builtin:vite-reporter] 
(!) Some chunks are larger than 500 kB after minification. Consider:
- Using dynamic import() to code-split the application
- Use build.rolldownOptions.output.codeSplitting to improve chunking: https://rolldown.rs/reference/OutputOptions.codeSplitting
- Adjust chunk size limit for this warning via build.chunkSizeWarningLimit.[39m

PWA v1.3.0
mode      generateSW
precache  25 entries (1415.34 KiB)
files generated
  release/web/gyo6-site/apps/sugar-salt/sw.js
  release/web/gyo6-site/apps/sugar-salt/workbox-835c8c05.js

> gyo6-jobskill-game@1.0.0 gate:gyo6-web
> node scripts/gate-gyo6-web-artifact.mjs

[통과] gyo6 홈페이지용 웹 산출물 · 183개 · 21530799 bytes
경로: D:\apps\sugar-salt-campus\release\web\gyo6-site\apps\sugar-salt
엔트리: assets/index-CMR-vnJC.js
SHA-256: 19876D5FC5B06F3205B3F1055DBEED144C12224480BCB3CA591A683FD986DA31

[exited with code 0]
